PS C:\sinkronizacija\promina-drnis-app> git status
On branch main
Your branch is up to date with 'origin/main'.

Changes not staged for commit:
  (use "git add <file>..." to update what will be committed)
  (use "git restore <file>..." to discard changes in working directory)
        modified:   izvjestaj.txt
        modified:   package-lock.json
        modified:   package.json
        modified:   vercel.json

no changes added to commit (use "git add" and/or "git commit -a")
PS C:\sinkronizacija\promina-drnis-app> git add .
warning: in the working copy of 'vercel.json', CRLF will be replaced by LF the next time Git touches it
PS C:\sinkronizacija\promina-drnis-app> git commit -m "prilagođavanje backenda za vercel_drugi put"
[main 8d784f1] prilagođavanje backenda za vercel_drugi put
 4 files changed, 62 insertions(+), 442 deletions(-)        
PS C:\sinkronizacija\promina-drnis-app> git push origin main
                                                           Enumerating objects: 11, done.
Counting objects: 100% (11/11), done.
Delta compression using up to 8 threads
Compressing objects: 100% (6/6), done.
Writing objects: 100% (6/6), 1.46 KiB | 1.46 MiB/s, done.   
Total 6 (delta 4), reused 0 (delta 0), pack-reused 0 (from 0)
remote: Resolving deltas: 100% (4/4), completed with 4 local objects.
To https://github.com/bstrunje/promina-drnis-app.git        
   babadb1..8d784f1  main -> main
PS C:\sinkronizacija\promina-drnis-app> 