PS C:\sinkronizacija\promina-drnis-app> git add .
warning: in the working copy of 'frontend/src/utils/config.ts', CRLF will be replaced by LF the next time Git touches it
PS C:\sinkronizacija\promina-drnis-app> git commit -m "podeÅ¡avanje Rendera i Vercela br1"
[main 7ffbdc8] podeÅ¡avanje Rendera i Vercela br1
 2 files changed, 247 insertions(+), 317 deletions(-)       
PS C:\sinkronizacija\promina-drnis-app> git push
Enumerating objects: 13, done.
Counting objects: 100% (13/13), done.
Delta compression using up to 8 threads
Compressing objects: 100% (7/7), done.
Writing objects: 100% (7/7), 2.32 KiB | 1.16 MiB/s, done.   
Total 7 (delta 4), reused 0 (delta 0), pack-reused 0 (from 0)
remote: Resolving deltas: 100% (4/4), completed with 4 local objects.
To https://github.com/bstrunje/promina-drnis-app.git
   2e0d6f4..7ffbdc8  main -> main
PS C:\sinkronizacija\promina-drnis-app> cd frontend
PS C:\sinkronizacija\promina-drnis-app\frontend> vercel deploy --prod
Vercel CLI 41.0.3
ðŸ”  Inspect: https://vercel.com/bozo-strunjes-projects/promina-drnis-app/E1rHZ9aXehLNhkUVCtm4VP6qzZdG [3s]
âœ…  Production: https://promina-drnis-oa4k1b1nr-bozo-strunjes-projects.vercel.app [3s]
Error: Command "npm install" exited with 1
Error: Check your logs at https://promina-drnis-oa4k1b1nr-bozo-strunjes-projects.vercel.app/_logs or run `vercel logs promina-drnis-oa4k1b1nr-bozo-strunjes-projects.vercel.app`    
PS C:\sinkronizacija\promina-drnis-app\frontend> vercel logs
 promina-drnis-oa4k1b1nr-bozo-strunjes-projects.vercel.app  
Vercel CLI 41.0.3
Error: Deployment not ready. Currently: â— Error.
PS C:\sinkronizacija\promina-drnis-app\frontend> 